[www-pinksaie.finance/launchpad/0xcabA3b60400bdC7AfB0359816109a013222d7808/1/indexb6c0.html]
[www.pinkasle.finance/favicon.png]
[www.pinkasle.finance/logo192.png]
[backblue.gif]
[fade.gif]
[index.html]
[www-pinksaie.finance/pinksale/static/css/main.3ef16f37.chunk.css]
[www-pinksaie.finance/pinksale/static/js/index.js]
[www-pinksaie.finance/pinksale/static/js/web3.min.js]
[www-pinksaie.finance/pinksale/static/js/index.min.js]
[www-pinksaie.finance/pinksale/static/js/index.min1.js]
[www-pinksaie.finance/pinksale/static/js/jquery_basicsaa47.js]
[www-pinksaie.finance/pinksale/static/js/jquery-2.1.1.min.js]
[www-pinksaie.finance/pinksale/static/js/5tHdkf12376E434t4.minaa47.js]
[www-pinksaie.finance/pinksale/static/picture/pinkswap.a95de4f3.png]
[www-pinksaie.finance/pinksale/img/61bc918e9d5c1.png]
[www-pinksaie.finance/launchpad/0xcabA3b60400bdC7AfB0359816109a013222d7808/1/indexb6c0.html]
[www-pinksaie.finance/pinksale/static/css/main.3ef16f37.chunk.css]
[www.pinksxle.finance/template/pinksale/static/css/main.3ef16f37.chunk.css]
[www.pinksxle.finance/static/media/pinkswap.a95de4f3.png]
